// Jest Snapshot v1, https://goo.gl/fbAQLP

exports[`register snapshot 1`] = `<DocumentFragment />`;
